  Determining projects to restore...
  All projects are up-to-date for restore.
  DieMaking -> /home/admin/.openclaw/workspace/DieMaking/bin/Debug/net9.0-windows/DieMaking.dll

Build succeeded.
    0 Warning(s)
    0 Error(s)

Time Elapsed 00:00:02.40
