[2026-03-10 10:20:28.376] [LogID: ERR202603101020283131]
[操作] 获取已完工未入库刀模
[异常类型] Database
[用户消息] 数据库操作失败，请稍后重试或联系管理员。
[异常详情] Microsoft.Data.SqlClient.SqlException: 列名 'Status' 无效。
列名 'CompleteTime' 无效。
[堆栈跟踪]    at Microsoft.Data.SqlClient.SqlConnection.OnError(SqlException exception, Boolean breakConnection, Action`1 wrapCloseInAction)
   at Microsoft.Data.SqlClient.SqlInternalConnection.OnError(SqlException exception, Boolean breakConnection, Action`1 wrapCloseInAction)
   at Microsoft.Data.SqlClient.TdsParser.ThrowExceptionAndWarning(TdsParserStateObject stateObj, SqlCommand command, Boolean callerHasConnectionLock, Boolean asyncClose)
   at Microsoft.Data.SqlClient.TdsParser.TryRun(RunBehavior runBehavior, SqlCommand cmdHandler, SqlDataReader dataStream, BulkCopySimpleResultSet bulkCopyHandler, TdsParserStateObject stateObj, Boolean& dataReady)
   at Microsoft.Data.SqlClient.SqlDataReader.TryConsumeMetaData()
   at Microsoft.Data.SqlClient.SqlDataReader.get_MetaData()
   at Microsoft.Data.SqlClient.SqlCommand.FinishExecuteReader(SqlDataReader ds, RunBehavior runBehavior, String resetOptionsString, Boolean isInternal, Boolean forDescribeParameterEncryption, Boolean shouldCacheForAlwaysEncrypted)
   at Microsoft.Data.SqlClient.SqlCommand.RunExecuteReaderTds(CommandBehavior cmdBehavior, RunBehavior runBehavior, Boolean returnStream, Boolean isAsync, Int32 timeout, Task& task, Boolean asyncWrite, Boolean inRetry, SqlDataReader ds, Boolean describeParameterEncryptionRequest)
   at Microsoft.Data.SqlClient.SqlCommand.RunExecuteReader(CommandBehavior cmdBehavior, RunBehavior runBehavior, Boolean returnStream, TaskCompletionSource`1 completion, Int32 timeout, Task& task, Boolean& usedCache, Boolean asyncWrite, Boolean inRetry, String method)
   at Microsoft.Data.SqlClient.SqlCommand.RunExecuteReader(CommandBehavior cmdBehavior, RunBehavior runBehavior, Boolean returnStream, String method)
   at Microsoft.Data.SqlClient.SqlCommand.ExecuteReader(CommandBehavior behavior)
   at Microsoft.Data.SqlClient.SqlCommand.ExecuteReader()
   at DieMaking.Helpers.DbHelper.ExecuteQuery[T](String sql, Int32 commandTimeout, Func`2 mapper, SqlParameter[] parameters) in H:\TraeDev\DieMaking\Helpers\DbHelper.cs:line 312
   at DieMaking.Helpers.DbHelper.ExecuteQuery[T](String sql, Func`2 mapper, SqlParameter[] parameters) in H:\TraeDev\DieMaking\Helpers\DbHelper.cs:line 294
   at DieMaking.Services.BaseService.ExecuteQuerySafe[T](String sql, Func`2 mapper, String operationName, SqlParameter[] parameters) in H:\TraeDev\DieMaking\Services\BaseService.cs:line 146
--------------------------------------------------------------------------------

[2026-03-10 10:20:37.480] [LogID: ERR202603101020373290]
[操作] 获取已完工未入库刀模
[异常类型] Database
[用户消息] 数据库操作失败，请稍后重试或联系管理员。
[异常详情] Microsoft.Data.SqlClient.SqlException: 列名 'Status' 无效。
列名 'CompleteTime' 无效。
[堆栈跟踪]    at Microsoft.Data.SqlClient.SqlConnection.OnError(SqlException exception, Boolean breakConnection, Action`1 wrapCloseInAction)
   at Microsoft.Data.SqlClient.SqlInternalConnection.OnError(SqlException exception, Boolean breakConnection, Action`1 wrapCloseInAction)
   at Microsoft.Data.SqlClient.TdsParser.ThrowExceptionAndWarning(TdsParserStateObject stateObj, SqlCommand command, Boolean callerHasConnectionLock, Boolean asyncClose)
   at Microsoft.Data.SqlClient.TdsParser.TryRun(RunBehavior runBehavior, SqlCommand cmdHandler, SqlDataReader dataStream, BulkCopySimpleResultSet bulkCopyHandler, TdsParserStateObject stateObj, Boolean& dataReady)
   at Microsoft.Data.SqlClient.SqlDataReader.TryConsumeMetaData()
   at Microsoft.Data.SqlClient.SqlDataReader.get_MetaData()
   at Microsoft.Data.SqlClient.SqlCommand.FinishExecuteReader(SqlDataReader ds, RunBehavior runBehavior, String resetOptionsString, Boolean isInternal, Boolean forDescribeParameterEncryption, Boolean shouldCacheForAlwaysEncrypted)
   at Microsoft.Data.SqlClient.SqlCommand.RunExecuteReaderTds(CommandBehavior cmdBehavior, RunBehavior runBehavior, Boolean returnStream, Boolean isAsync, Int32 timeout, Task& task, Boolean asyncWrite, Boolean inRetry, SqlDataReader ds, Boolean describeParameterEncryptionRequest)
   at Microsoft.Data.SqlClient.SqlCommand.RunExecuteReader(CommandBehavior cmdBehavior, RunBehavior runBehavior, Boolean returnStream, TaskCompletionSource`1 completion, Int32 timeout, Task& task, Boolean& usedCache, Boolean asyncWrite, Boolean inRetry, String method)
   at Microsoft.Data.SqlClient.SqlCommand.RunExecuteReader(CommandBehavior cmdBehavior, RunBehavior runBehavior, Boolean returnStream, String method)
   at Microsoft.Data.SqlClient.SqlCommand.ExecuteReader(CommandBehavior behavior)
   at Microsoft.Data.SqlClient.SqlCommand.ExecuteReader()
   at DieMaking.Helpers.DbHelper.ExecuteQuery[T](String sql, Int32 commandTimeout, Func`2 mapper, SqlParameter[] parameters) in H:\TraeDev\DieMaking\Helpers\DbHelper.cs:line 312
   at DieMaking.Helpers.DbHelper.ExecuteQuery[T](String sql, Func`2 mapper, SqlParameter[] parameters) in H:\TraeDev\DieMaking\Helpers\DbHelper.cs:line 294
   at DieMaking.Services.BaseService.ExecuteQuerySafe[T](String sql, Func`2 mapper, String operationName, SqlParameter[] parameters) in H:\TraeDev\DieMaking\Services\BaseService.cs:line 146
--------------------------------------------------------------------------------

[2026-03-10 10:21:19.640] [LogID: ERR202603101021195881]
[操作] 获取已完工未入库刀模
[异常类型] Database
[用户消息] 数据库操作失败，请稍后重试或联系管理员。
[异常详情] Microsoft.Data.SqlClient.SqlException: 列名 'Status' 无效。
列名 'CompleteTime' 无效。
[堆栈跟踪]    at Microsoft.Data.SqlClient.SqlConnection.OnError(SqlException exception, Boolean breakConnection, Action`1 wrapCloseInAction)
   at Microsoft.Data.SqlClient.SqlInternalConnection.OnError(SqlException exception, Boolean breakConnection, Action`1 wrapCloseInAction)
   at Microsoft.Data.SqlClient.TdsParser.ThrowExceptionAndWarning(TdsParserStateObject stateObj, SqlCommand command, Boolean callerHasConnectionLock, Boolean asyncClose)
   at Microsoft.Data.SqlClient.TdsParser.TryRun(RunBehavior runBehavior, SqlCommand cmdHandler, SqlDataReader dataStream, BulkCopySimpleResultSet bulkCopyHandler, TdsParserStateObject stateObj, Boolean& dataReady)
   at Microsoft.Data.SqlClient.SqlDataReader.TryConsumeMetaData()
   at Microsoft.Data.SqlClient.SqlDataReader.get_MetaData()
   at Microsoft.Data.SqlClient.SqlCommand.FinishExecuteReader(SqlDataReader ds, RunBehavior runBehavior, String resetOptionsString, Boolean isInternal, Boolean forDescribeParameterEncryption, Boolean shouldCacheForAlwaysEncrypted)
   at Microsoft.Data.SqlClient.SqlCommand.RunExecuteReaderTds(CommandBehavior cmdBehavior, RunBehavior runBehavior, Boolean returnStream, Boolean isAsync, Int32 timeout, Task& task, Boolean asyncWrite, Boolean inRetry, SqlDataReader ds, Boolean describeParameterEncryptionRequest)
   at Microsoft.Data.SqlClient.SqlCommand.RunExecuteReader(CommandBehavior cmdBehavior, RunBehavior runBehavior, Boolean returnStream, TaskCompletionSource`1 completion, Int32 timeout, Task& task, Boolean& usedCache, Boolean asyncWrite, Boolean inRetry, String method)
   at Microsoft.Data.SqlClient.SqlCommand.RunExecuteReader(CommandBehavior cmdBehavior, RunBehavior runBehavior, Boolean returnStream, String method)
   at Microsoft.Data.SqlClient.SqlCommand.ExecuteReader(CommandBehavior behavior)
   at Microsoft.Data.SqlClient.SqlCommand.ExecuteReader()
   at DieMaking.Helpers.DbHelper.ExecuteQuery[T](String sql, Int32 commandTimeout, Func`2 mapper, SqlParameter[] parameters) in H:\TraeDev\DieMaking\Helpers\DbHelper.cs:line 312
   at DieMaking.Helpers.DbHelper.ExecuteQuery[T](String sql, Func`2 mapper, SqlParameter[] parameters) in H:\TraeDev\DieMaking\Helpers\DbHelper.cs:line 294
   at DieMaking.Services.BaseService.ExecuteQuerySafe[T](String sql, Func`2 mapper, String operationName, SqlParameter[] parameters) in H:\TraeDev\DieMaking\Services\BaseService.cs:line 146
--------------------------------------------------------------------------------

